// Jest Snapshot v1, https://goo.gl/fbAQLP

exports[`Search renders correctly 1`] = `
<h1
  className="pink"
>
  Search title
</h1>
`;
